2025-06-24 16:03:00 - Starting SpringWebappRestApplication using Java 24.0.1 with PID 15404 (E:\spring-webapp-rest\target\classes started by alens in E:\spring-webapp-rest)
2025-06-24 16:03:00 - No active profile set, falling back to 1 default profile: "default"
2025-06-24 16:03:00 - Devtools property defaults active! Set 'spring.devtools.add-properties' to 'false' to disable
2025-06-24 16:03:00 - For additional web related logging consider setting the 'logging.level.web' property to 'DEBUG'
2025-06-24 16:03:01 - Bootstrapping Spring Data JPA repositories in DEFAULT mode.
2025-06-24 16:03:02 - Finished Spring Data repository scanning in 107 ms. Found 1 JPA repository interface.
2025-06-24 16:03:03 - Tomcat initialized with port 8081 (http)
2025-06-24 16:03:03 - Starting service [Tomcat]
2025-06-24 16:03:03 - Starting Servlet engine: [Apache Tomcat/10.1.41]
2025-06-24 16:03:03 - Initializing Spring embedded WebApplicationContext
2025-06-24 16:03:03 - Root WebApplicationContext: initialization completed in 2356 ms
2025-06-24 16:03:03 - HHH000204: Processing PersistenceUnitInfo [name: default]
2025-06-24 16:03:03 - HHH000412: Hibernate ORM core version 6.6.15.Final
2025-06-24 16:03:03 - HHH000026: Second-level cache disabled
2025-06-24 16:03:04 - No LoadTimeWeaver setup: ignoring JPA class transformer
2025-06-24 16:03:04 - HikariPool-1 - Starting...
2025-06-24 16:03:05 - HikariPool-1 - Added connection org.postgresql.jdbc.PgConnection@2c5be443
2025-06-24 16:03:05 - HikariPool-1 - Start completed.
2025-06-24 16:03:05 - HHH10001005: Database info:
	Database JDBC URL [Connecting through datasource 'HikariDataSource (HikariPool-1)']
	Database driver: undefined/unknown
	Database version: 17.5
	Autocommit mode: undefined/unknown
	Isolation level: undefined/unknown
	Minimum pool size: undefined/unknown
	Maximum pool size: undefined/unknown
2025-06-24 16:03:06 - HHH000489: No JTA platform available (set 'hibernate.transaction.jta.platform' to enable JTA platform integration)
2025-06-24 16:03:06 - Initialized JPA EntityManagerFactory for persistence unit 'default'
2025-06-24 16:03:06 - spring.jpa.open-in-view is enabled by default. Therefore, database queries may be performed during view rendering. Explicitly configure spring.jpa.open-in-view to disable this warning
2025-06-24 16:03:07 - LiveReload server is running on port 35729
2025-06-24 16:03:07 - Tomcat started on port 8081 (http) with context path '/'
2025-06-24 16:03:07 - Started SpringWebappRestApplication in 7.48 seconds (process running for 8.311)
2025-06-24 16:03:28 - Initializing Spring DispatcherServlet 'dispatcherServlet'
2025-06-24 16:03:28 - Initializing Servlet 'dispatcherServlet'
2025-06-24 16:03:28 - Completed initialization in 2 ms
2025-06-24 16:04:02 - Resolved [com.alen.todoapp.exception.AppException: ID cannot be negative]
